Reading netlist file: "C:\Users\nicol\OneDrive\Documentos\AGOST  DIC 2026\ARQ COMPU\Proyectos En Gowin\top\impl\gwsynthesis\top.vg"
Parsing netlist file "C:\Users\nicol\OneDrive\Documentos\AGOST  DIC 2026\ARQ COMPU\Proyectos En Gowin\top\impl\gwsynthesis\top.vg" completed
Processing netlist completed
Reading constraint file: "C:\Users\nicol\OneDrive\Documentos\AGOST  DIC 2026\ARQ COMPU\Proyectos En Gowin\top\src\top.cst"
Physical Constraint parsed completed
Running placement......
[10%] Placement Phase 0 completed
[20%] Placement Phase 1 completed
[30%] Placement Phase 2 completed
WARN  (TA1132) :  'reloj' was determined to be a clock but was not created.
WARN  (TA1132) :  'clksal_d' was determined to be a clock but was not created.
[50%] Placement Phase 3 completed
Running routing......
[60%] Routing Phase 0 completed
[70%] Routing Phase 1 completed
[80%] Routing Phase 2 completed
[90%] Routing Phase 3 completed
Running timing analysis......
[95%] Timing analysis completed
Placement and routing completed
Bitstream generation in progress......
Bitstream generation completed
Running power analysis......
[100%] Power analysis completed
Generate file "C:\Users\nicol\OneDrive\Documentos\AGOST  DIC 2026\ARQ COMPU\Proyectos En Gowin\top\impl\pnr\top.power.html" completed
Generate file "C:\Users\nicol\OneDrive\Documentos\AGOST  DIC 2026\ARQ COMPU\Proyectos En Gowin\top\impl\pnr\top.pin.html" completed
Generate file "C:\Users\nicol\OneDrive\Documentos\AGOST  DIC 2026\ARQ COMPU\Proyectos En Gowin\top\impl\pnr\top.rpt.html" completed
Generate file "C:\Users\nicol\OneDrive\Documentos\AGOST  DIC 2026\ARQ COMPU\Proyectos En Gowin\top\impl\pnr\top.rpt.txt" completed
Generate file "C:\Users\nicol\OneDrive\Documentos\AGOST  DIC 2026\ARQ COMPU\Proyectos En Gowin\top\impl\pnr\top.tr.html" completed
Mon Sep 28 20:49:14 2026

