GowinSynthesis start
Running parser ...
Analyzing Verilog file 'C:\Users\nicol\OneDrive\Documentos\AGOST  DIC 2026\ARQ COMPU\Proyectos En Gowin\Proyect_04\src\clkdvi.v'
Analyzing Verilog file 'C:\Users\nicol\OneDrive\Documentos\AGOST  DIC 2026\ARQ COMPU\Proyectos En Gowin\Proyect_04\src\top.v'
Analyzing Verilog file 'C:\Users\nicol\OneDrive\Documentos\AGOST  DIC 2026\ARQ COMPU\Proyectos En Gowin\Proyect_04\src\mux41.v'
Compiling module 'top'("C:\Users\nicol\OneDrive\Documentos\AGOST  DIC 2026\ARQ COMPU\Proyectos En Gowin\Proyect_04\src\top.v":9)
Compiling module 'clkdiv'("C:\Users\nicol\OneDrive\Documentos\AGOST  DIC 2026\ARQ COMPU\Proyectos En Gowin\Proyect_04\src\clkdvi.v":2)
WARN  (EX3791) : Expression size 29 truncated to fit in target size 28("C:\Users\nicol\OneDrive\Documentos\AGOST  DIC 2026\ARQ COMPU\Proyectos En Gowin\Proyect_04\src\clkdvi.v":17)
Compiling module 'mux41c'("C:\Users\nicol\OneDrive\Documentos\AGOST  DIC 2026\ARQ COMPU\Proyectos En Gowin\Proyect_04\src\mux41.v":3)
NOTE  (EX0101) : Current top module is "top"
[5%] Running netlist conversion ...
Running device independent optimization ...
[10%] Optimizing Phase 0 completed
[15%] Optimizing Phase 1 completed
[25%] Optimizing Phase 2 completed
Running inference ...
[30%] Inferring Phase 0 completed
[40%] Inferring Phase 1 completed
[50%] Inferring Phase 2 completed
[55%] Inferring Phase 3 completed
Running technical mapping ...
[60%] Tech-Mapping Phase 0 completed
[65%] Tech-Mapping Phase 1 completed
[75%] Tech-Mapping Phase 2 completed
[80%] Tech-Mapping Phase 3 completed
[90%] Tech-Mapping Phase 4 completed
[95%] Generate netlist file "C:\Users\nicol\OneDrive\Documentos\AGOST  DIC 2026\ARQ COMPU\Proyectos En Gowin\Proyect_04\impl\gwsynthesis\Proyect_04.vg" completed
[100%] Generate report file "C:\Users\nicol\OneDrive\Documentos\AGOST  DIC 2026\ARQ COMPU\Proyectos En Gowin\Proyect_04\impl\gwsynthesis\Proyect_04_syn.rpt.html" completed
GowinSynthesis finish
