Reading netlist file: "C:\Users\nicol\OneDrive\Documentos\AGOST  DIC 2026\ARQ COMPU\Proyectos En Gowin\Proyect_03\impl\gwsynthesis\Proyect_03.vg"
Parsing netlist file "C:\Users\nicol\OneDrive\Documentos\AGOST  DIC 2026\ARQ COMPU\Proyectos En Gowin\Proyect_03\impl\gwsynthesis\Proyect_03.vg" completed
Processing netlist completed
Reading constraint file: "C:\Users\nicol\OneDrive\Documentos\AGOST  DIC 2026\ARQ COMPU\Proyectos En Gowin\Proyect_03\src\Proyect_03.cst"
Physical Constraint parsed completed
Running placement......
[10%] Placement Phase 0 completed
[20%] Placement Phase 1 completed
[30%] Placement Phase 2 completed
WARN  (TA1132) :  'clk_27mhz' was determined to be a clock but was not created.
[50%] Placement Phase 3 completed
Running routing......
[60%] Routing Phase 0 completed
[70%] Routing Phase 1 completed
[80%] Routing Phase 2 completed
[90%] Routing Phase 3 completed
Running timing analysis......
[95%] Timing analysis completed
Placement and routing completed
Bitstream generation in progress......
Bitstream generation completed
Running power analysis......
[100%] Power analysis completed
Generate file "C:\Users\nicol\OneDrive\Documentos\AGOST  DIC 2026\ARQ COMPU\Proyectos En Gowin\Proyect_03\impl\pnr\Proyect_03.power.html" completed
Generate file "C:\Users\nicol\OneDrive\Documentos\AGOST  DIC 2026\ARQ COMPU\Proyectos En Gowin\Proyect_03\impl\pnr\Proyect_03.pin.html" completed
Generate file "C:\Users\nicol\OneDrive\Documentos\AGOST  DIC 2026\ARQ COMPU\Proyectos En Gowin\Proyect_03\impl\pnr\Proyect_03.rpt.html" completed
Generate file "C:\Users\nicol\OneDrive\Documentos\AGOST  DIC 2026\ARQ COMPU\Proyectos En Gowin\Proyect_03\impl\pnr\Proyect_03.rpt.txt" completed
Generate file "C:\Users\nicol\OneDrive\Documentos\AGOST  DIC 2026\ARQ COMPU\Proyectos En Gowin\Proyect_03\impl\pnr\Proyect_03.tr.html" completed
Mon Sep 14 22:57:05 2026

